../Core/Src/main.c:124:5:main	24	static
../Core/Src/main.c:271:6:SystemClock_Config	96	static
../Core/Src/main.c:321:13:MX_ADC1_Init	48	static
../Core/Src/main.c:388:13:MX_TIM1_Init	144	static
../Core/Src/main.c:496:13:MX_TIM2_Init	64	static
../Core/Src/main.c:559:13:MX_TIM3_Init	40	static
../Core/Src/main.c:611:13:MX_TIM4_Init	40	static
../Core/Src/main.c:663:13:MX_TIM6_Init	24	static
../Core/Src/main.c:701:13:MX_USART2_UART_Init	8	static
../Core/Src/main.c:736:13:MX_GPIO_Init	48	static
../Core/Src/main.c:797:6:StartTurning	8	static
../Core/Src/main.c:807:6:StopMotors	8	static
../Core/Src/main.c:815:6:AlignWithObstacle	8	static
../Core/Src/main.c:825:6:HAL_GPIO_EXTI_Callback	16	static
../Core/Src/main.c:847:6:HAL_TIM_PeriodElapsedCallback	16	static
../Core/Src/main.c:863:6:HAL_TIM_IC_CaptureCallback	16	static
../Core/Src/main.c:873:7:Read_Sonar_Distance	4	static
../Core/Src/main.c:878:6:HAL_ADC_ConvCpltCallback	16	static
../Core/Src/main.c:891:6:Error_Handler	4	static,ignoring_inline_asm
